// Jest Snapshot v1, https://goo.gl/fbAQLP

exports[`renders correctly when there are no items 1`] = `
<div>
  <div
    id="firebaseui_container"
  />
</div>
`;
