// Jest Snapshot v1, https://goo.gl/fbAQLP

exports[`renders correctly when there are no items 1`] = `
<div>
  <h1>
    Stats
  </h1>
  <h2>
    Total Bookings Today
  </h2>
  <h1>
    0.00
    %
  </h1>
  <h2>
    Area Breakdown
  </h2>
</div>
`;
